---
# Source: clicker/templates/serviceaccount.yaml
apiVersion: v1
kind: ServiceAccount
metadata:
  name: "clabernetes-clicker-service-account"
  namespace: clabernetes
  labels:
    chart: "clicker-0.0.0"
    release: release-name
    heritage: Helm
    revision: "1"
    clabernetes/app: clabernetes
    clabernetes/name: "clabernetes-clicker-service-account"
    clabernetes/component: service-account
