---
apiVersion: v1
kind: Namespace
metadata:
    name: notclabernetes
    labels:
        pod-security.kubernetes.io/enforce: privileged
