---
apiVersion: v1
kind: Namespace
metadata:
    name: c9s-topo01
    labels:
        pod-security.kubernetes.io/enforce: privileged
