---
# Source: clabernetes/charts/clicker/templates/job.yaml
apiVersion: batch/v1
kind: Job
metadata:
  name: clabernetes-plus-clicker-clicker
  namespace: clabernetes
  labels:
    chart: "clicker-0.0.0"
    release: release-name
    heritage: Helm
    revision: "1"
    clabernetes/app: clabernetes-plus-clicker
    clabernetes/name: "clabernetes-plus-clicker-clicker"
    clabernetes/component: clicker
    anotherlabel: anotherlabelvalue
    somelabel: somelabelvalue
  annotations:
    annotherannotation: anotherannotationvalue
    someannotation: someannotationvalue
spec:
  template:
    metadata:
      labels:
        chart: "clicker-0.0.0"
        release: release-name
        heritage: Helm
        revision: "1"
        clabernetes/app: clabernetes-plus-clicker
        clabernetes/name: "clabernetes-plus-clicker-clicker"
        clabernetes/component: clicker
        anotherlabel: anotherlabelvalue
        somelabel: somelabelvalue
      annotations:
        annotherannotation: anotherannotationvalue
        someannotation: someannotationvalue
    spec:
      containers:
        - name: clicker
          image: "ghcr.io/srl-labs/clabernetes/clabernetes-manager:dev-latest"
          imagePullPolicy: IfNotPresent
          command: [
            "/clabernetes/manager",
             "clicker",
          ]
          env:
            - name: APP_NAME
              value: clabernetes-plus-clicker
            - name: POD_NAME
              valueFrom:
                fieldRef:
                  fieldPath: metadata.name
            - name: POD_NAMESPACE
              valueFrom:
                fieldRef:
                  fieldPath: metadata.namespace
            - name: CLICKER_LOGGER_LEVEL
              value: info
            - name: CLICKER_WORKER_COMMAND
              value: /bin/sh
            - name: CLICKER_WORKER_SCRIPT
              value: echo "hello, there"
            - name: CLICKER_WORKER_RESOURCES
              value: "requests:\n  cpu: 50m\n  memory: 128Mi"
            - name: CLICKER_GLOBAL_ANNOTATIONS
              value: "annotherannotation: anotherannotationvalue\nsomeannotation: someannotationvalue"
            - name: CLICKER_GLOBAL_LABELS
              value: "anotherlabel: anotherlabelvalue\nsomelabel: somelabelvalue"
          resources:
            requests:
              memory: 128Mi
              cpu: 50m
      restartPolicy: Never
      serviceAccountName: "clabernetes-plus-clicker-clicker-service-account"
  backoffLimit: 4
  ttlSecondsAfterFinished: 300
