---
# Source: clabernetes/charts/clicker/templates/clusterrole.yaml
apiVersion: rbac.authorization.k8s.io/v1
kind: ClusterRole
metadata:
  labels:
    chart: "clicker-0.0.0"
    release: release-name
    heritage: Helm
    revision: "1"
    clabernetes/app: clabernetes-plus-clicker
    clabernetes/name: "clabernetes-plus-clicker-clicker-cluster-role"
    clabernetes/component: cluster-role
    anotherlabel: anotherlabelvalue
    somelabel: somelabelvalue
  annotations:
    annotherannotation: anotherannotationvalue
    someannotation: someannotationvalue
  name: "clabernetes-plus-clicker-clicker-cluster-role"
rules:
  - apiGroups:
      - ""
    resources:
      - nodes
    verbs:
      - "*"
  - apiGroups:
      - ""
    resources:
      - pods
    verbs:
      - get
      - list
      - create
      - watch
      - delete
