---
# Source: clabernetes/templates/clusterrolebinding.yaml
apiVersion: rbac.authorization.k8s.io/v1
kind: ClusterRoleBinding
metadata:
  name: clabernetes-manager
  labels:
    chart: "clabernetes-0.0.0"
    release: release-name
    heritage: Helm
    revision: "1"
    clabernetes/app: clabernetes-plus-clicker
    clabernetes/name: "clabernetes-plus-clicker-cluster-role-binding"
    clabernetes/component: cluster-role-binding
    anotherlabel: anotherlabelvalue
    somelabel: somelabelvalue
  annotations:
    annotherannotation: anotherannotationvalue
    someannotation: someannotationvalue
subjects:
  - kind: ServiceAccount
    name: "clabernetes-plus-clicker-service-account"
    namespace: clabernetes
roleRef:
  kind: ClusterRole
  name: "clabernetes-plus-clicker-cluster-role"
  apiGroup: rbac.authorization.k8s.io
