---
# Source: clabernetes/templates/configmap.yaml
apiVersion: v1
kind: ConfigMap
metadata:
  name: clabernetes-plus-clicker-config
  namespace: clabernetes
  labels:
    chart: "clabernetes-0.0.0"
    release: release-name
    heritage: Helm
    revision: "1"
    clabernetes/app: clabernetes-plus-clicker
    clabernetes/name: "clabernetes-plus-clicker-config"
    clabernetes/component: config
    anotherlabel: anotherlabelvalue
    somelabel: somelabelvalue
  annotations:
    annotherannotation: anotherannotationvalue
    someannotation: someannotationvalue
data:
  mergeMode: merge
  globalAnnotations: |-
    ---
    annotherannotation: anotherannotationvalue
    someannotation: someannotationvalue
  globalLabels: |-
    ---
    anotherlabel: anotherlabelvalue
    somelabel: somelabelvalue
  resourcesDefault: |-
    ---
    requests:
      cpu: 200m
      memory: 512Mi
  resourcesByContainerlabKind: |-
    ---
    {}
  privilegedLauncher: "true"
  containerlabDebug: "false"
  inClusterDNSSuffix: svc.cluster.local
  imagePullThroughMode: auto
  launcherImage: 
  launcherImagePullPolicy: IfNotPresent
  launcherLogLevel: info
  naming: prefixed
  containerlabVersion:
