---
# Source: clabernetes/templates/serviceaccount.yaml
apiVersion: v1
kind: ServiceAccount
metadata:
  name: "clabernetes-plus-clicker-service-account"
  namespace: clabernetes
  labels:
    chart: "clabernetes-0.0.0"
    release: release-name
    heritage: Helm
    revision: "1"
    clabernetes/app: clabernetes-plus-clicker
    clabernetes/name: "clabernetes-plus-clicker-service-account"
    clabernetes/component: service-account
    anotherlabel: anotherlabelvalue
    somelabel: somelabelvalue
  annotations:
    annotherannotation: anotherannotationvalue
    someannotation: someannotationvalue
