---
# Source: clabernetes/templates/certificate-secret.yaml
apiVersion: v1
kind: Secret
metadata:
  labels:
    chart: "clabernetes-0.0.0"
    release: release-name
    heritage: Helm
    revision: "1"
    clabernetes/app: clabernetes
    clabernetes/name: "clabernetes-certificate"
    clabernetes/component: certificate
    clabernetes/part-of: manager
  name: "clabernetes-certificate"
data: {}
