---
# Source: clabernetes/templates/service.yaml
apiVersion: v1
kind: Service
metadata:
  name: clabernetes-http
  namespace: clabernetes
  labels:
    chart: "clabernetes-0.0.0"
    release: release-name
    heritage: Helm
    revision: "1"
    clabernetes/app: clabernetes
    clabernetes/name: "clabernetes-manager"
    clabernetes/component: manager-http
spec:
  type: ClusterIP
  sessionAffinity: None
  ports:
    - name: https
      port: 443
      protocol: TCP
      targetPort: 10443
  selector:
    clabernetes/app: clabernetes
    clabernetes/name: "clabernetes-manager"
    clabernetes/component: manager
